Archive member included to satisfy reference by file (symbol)

<TOOLCHAIN>/toolchain/bin/../lib/gcc/riscv-none-embed/8.3.0/../../../../riscv-none-embed/lib/rv32imafdc/ilp32d\libc.a(lib_a-init.o)
                              build/obj_files/start.o (__libc_init_array)

Discarded input sections

 .group         0x0000000000000000        0xc build/obj_files/main.o
 .group         0x0000000000000000        0xc build/obj_files/main.o
 .group         0x0000000000000000        0xc build/obj_files/main.o
 .group         0x0000000000000000        0xc build/obj_files/main.o
 .group         0x0000000000000000        0xc build/obj_files/main.o
 .group         0x0000000000000000        0xc build/obj_files/main.o
 .group         0x0000000000000000        0xc build/obj_files/main.o
 .group         0x0000000000000000        0xc build/obj_files/main.o
 .group         0x0000000000000000        0xc build/obj_files/main.o
 .group         0x0000000000000000        0xc build/obj_files/p0a_diag.o
 .group         0x0000000000000000        0xc build/obj_files/p0a_diag.o
 .group         0x0000000000000000        0xc build/obj_files/p0a_diag.o
 .group         0x0000000000000000        0xc build/obj_files/p0a_diag.o
 .group         0x0000000000000000        0xc build/obj_files/p0a_diag.o
 .group         0x0000000000000000        0xc build/obj_files/p0a_diag.o
 .group         0x0000000000000000        0xc build/obj_files/p0a_diag.o
 .group         0x0000000000000000        0xc build/obj_files/p0a_diag.o
 .debug_macro   0x0000000000000000      0x790 build/obj_files/p0a_diag.o
 .debug_macro   0x0000000000000000       0x22 build/obj_files/p0a_diag.o
 .debug_macro   0x0000000000000000       0x8e build/obj_files/p0a_diag.o
 .debug_macro   0x0000000000000000       0x51 build/obj_files/p0a_diag.o
 .debug_macro   0x0000000000000000      0x103 build/obj_files/p0a_diag.o
 .debug_macro   0x0000000000000000       0x6a build/obj_files/p0a_diag.o
 .debug_macro   0x0000000000000000      0x1df build/obj_files/p0a_diag.o

Memory Configuration

Name             Origin             Length             Attributes
ram              0x00000000f9000000 0x0000000000004000 axwl !r
*default*        0x0000000000000000 0xffffffffffffffff

Linker script and memory map

LOAD build/obj_files/main.o
LOAD build/obj_files/p0a_diag.o
LOAD build/obj_files/start.o
LOAD <TOOLCHAIN>/toolchain/bin/../lib/gcc/riscv-none-embed/8.3.0/../../../../riscv-none-embed/lib/rv32imafdc/ilp32d\libc.a
LOAD <TOOLCHAIN>/toolchain/bin/../lib/gcc/riscv-none-embed/8.3.0/rv32imafdc/ilp32d\libgcc.a
                0x0000000000000800                __stack_size = DEFINED (__stack_size)?__stack_size:0x800

.init           0x00000000f9000000       0x52
 *(SORT_NONE(.init))
 .init          0x00000000f9000000       0x52 build/obj_files/start.o
                0x00000000f9000000                _start
                0x00000000f9000050                _init

.text           0x00000000f9000052      0x284
 *libc.a:*(.text .text.*)
 .text          0x00000000f9000052        0x0 <TOOLCHAIN>/toolchain/bin/../lib/gcc/riscv-none-embed/8.3.0/../../../../riscv-none-embed/lib/rv32imafdc/ilp32d\libc.a(lib_a-init.o)
 .text.__libc_init_array
                0x00000000f9000052       0x6a <TOOLCHAIN>/toolchain/bin/../lib/gcc/riscv-none-embed/8.3.0/../../../../riscv-none-embed/lib/rv32imafdc/ilp32d\libc.a(lib_a-init.o)
                0x00000000f9000052                __libc_init_array
 *(.text.main)
 *(.text.unlikely .text.unlikely.*)
 *(.text.startup .text.startup.*)
 *(.text .text.*)
 .text          0x00000000f90000bc       0xc0 build/obj_files/main.o
                0x00000000f90000ec                main
 .text          0x00000000f900017c      0x15a build/obj_files/p0a_diag.o
                0x00000000f900017c                p0a_canary_checksum
                0x00000000f90001ca                p0a_canary_init
                0x00000000f9000208                p0a_canary_mark
                0x00000000f900021c                p0a_canary_set_uart
                0x00000000f9000232                p0a_canary_heartbeat
                0x00000000f900024a                p0a_uart_putc_bounded
                0x00000000f90002a4                p0a_uart_write_bounded
 .text          0x00000000f90002d6        0x0 build/obj_files/start.o
 *(.gnu.linkonce.t.*)
 *(.note.gnu.build-id)

.rela.dyn       0x00000000f90002d8        0x0
 .rela.init     0x00000000f90002d8        0x0 build/obj_files/main.o
 .rela.text.__libc_init_array
                0x00000000f90002d8        0x0 build/obj_files/main.o

.fini
 *(SORT_NONE(.fini))
                0x00000000f90002d8                . = ALIGN (0x4)

.preinit_array  0x00000000f90002d6        0x0
                0x00000000f90002d6                PROVIDE (__preinit_array_start = .)
 *(.preinit_array)
                0x00000000f90002d6                PROVIDE (__preinit_array_end = .)

.init_array     0x00000000f90002d6        0x0
                0x00000000f90002d6                PROVIDE (__init_array_start = .)
 *(SORT_BY_INIT_PRIORITY(.init_array.*) SORT_BY_INIT_PRIORITY(.ctors.*))
 *(.init_array)
                0x00000000f90002d6                PROVIDE (__init_array_end = .)

.fini_array     0x00000000f90002d6        0x0
                [!provide]                        PROVIDE (__fini_array_start = .)
 *(SORT_BY_INIT_PRIORITY(.fini_array.*) SORT_BY_INIT_PRIORITY(.dtors.*))
 *(.fini_array)
                [!provide]                        PROVIDE (__fini_array_end = .)

.lalign         0x00000000f90002d8        0x0
                0x00000000f90002d8                PROVIDE (_data_lma = .)

.dalign         0x00000000f90002d8        0x0
                0x00000000f90002d8                PROVIDE (_data = .)

.data           0x00000000f90002d8       0x52
 *(.rdata)
 *(.rodata .rodata.*)
 .rodata        0x00000000f90002d8       0x14 build/obj_files/main.o
 .rodata.str1.4
                0x00000000f90002ec       0x30 build/obj_files/main.o
                                         0x2e (size before relaxing)
 *(.gnu.linkonce.r.*)
 *(.data .data.*)
 .data          0x00000000f900031c        0x0 build/obj_files/main.o
 .data          0x00000000f900031c        0x0 build/obj_files/p0a_diag.o
 .data          0x00000000f900031c        0x0 build/obj_files/start.o
 .data          0x00000000f900031c        0x0 <TOOLCHAIN>/toolchain/bin/../lib/gcc/riscv-none-embed/8.3.0/../../../../riscv-none-embed/lib/rv32imafdc/ilp32d\libc.a(lib_a-init.o)
 *(.gnu.linkonce.d.*)
                0x00000000f9000320                . = ALIGN (0x8)
 *fill*         0x00000000f900031c        0x4
                0x00000000f9000b10                PROVIDE (__global_pointer$ = (. + 0x7f0))
 *(.sdata .sdata.*)
 *(.gnu.linkonce.s.*)
 *(.srodata .srodata.*)
                0x00000000f900032a                . = (. + 0xa)
 *fill*         0x00000000f9000320        0xa
                0x00000000f900032c                . = ALIGN (0x4)
                0x00000000f900032c                PROVIDE (_edata = .)
                [!provide]                        PROVIDE (edata = .)
                0x00000000f9000330                . = ALIGN (0x10)
                0x00000000f9000330                __p0a_canary_start = .

.p0a_canary     0x00000000f9000330       0x28
 *(.p0a_canary)
 .p0a_canary    0x00000000f9000330       0x28 build/obj_files/p0a_diag.o
                0x00000000f9000330                g_p0a_canary
                0x00000000f9000358                __p0a_canary_end = .
                0x00000000f9000358                . = ALIGN (0x4)
                0x00000000f9000358                __bss_start = .

.bss            0x00000000f9000358        0x0
 *(.sbss*)
 *(.gnu.linkonce.sb.*)
 *(.bss .bss.*)
 .bss           0x00000000f9000358        0x0 build/obj_files/main.o
 .bss           0x00000000f9000358        0x0 build/obj_files/p0a_diag.o
 .bss           0x00000000f9000358        0x0 build/obj_files/start.o
 .bss           0x00000000f9000358        0x0 <TOOLCHAIN>/toolchain/bin/../lib/gcc/riscv-none-embed/8.3.0/../../../../riscv-none-embed/lib/rv32imafdc/ilp32d\libc.a(lib_a-init.o)
 *(.gnu.linkonce.b.*)
 *(COMMON)
                0x00000000f9000358                . = ALIGN (0x4)
                0x00000000f9000358                _end = .

.stack          0x00000000f9000360      0x800
                0x00000000f9000360                __stack_bottom = .
                0x00000000f9000b60                . = (. + __stack_size)
 *fill*         0x00000000f9000360      0x800
                0x00000000f9000b60                _sp = .
                0x00000000f9000b60                __stack_top = .
                0x00000000f9000b60                __freertos_irq_stack_top = .
                0x0000000000000001                ASSERT ((__p0a_canary_start >= ORIGIN (ram)), canary below RAM)
                0x0000000000000001                ASSERT ((__p0a_canary_end <= __stack_bottom), canary overlaps stack)
                0x0000000000000001                ASSERT ((__stack_top <= (ORIGIN (ram) + LENGTH (ram))), image exceeds RAM)
LOAD <TOOLCHAIN>/toolchain/bin/../lib/gcc/riscv-none-embed/8.3.0/../../../../riscv-none-embed/lib/rv32imafdc/ilp32d\libm.a
LOAD <TOOLCHAIN>/toolchain/bin/../lib/gcc/riscv-none-embed/8.3.0/rv32imafdc/ilp32d\libgcc.a
START GROUP
LOAD <TOOLCHAIN>/toolchain/bin/../lib/gcc/riscv-none-embed/8.3.0/rv32imafdc/ilp32d\libgcc.a
LOAD <TOOLCHAIN>/toolchain/bin/../lib/gcc/riscv-none-embed/8.3.0/../../../../riscv-none-embed/lib/rv32imafdc/ilp32d\libg.a
LOAD <TOOLCHAIN>/toolchain/bin/../lib/gcc/riscv-none-embed/8.3.0/../../../../riscv-none-embed/lib/rv32imafdc/ilp32d\libc.a
END GROUP
LOAD <TOOLCHAIN>/toolchain/bin/../lib/gcc/riscv-none-embed/8.3.0/rv32imafdc/ilp32d\libgcc.a
START GROUP
LOAD <TOOLCHAIN>/toolchain/bin/../lib/gcc/riscv-none-embed/8.3.0/rv32imafdc/ilp32d\libgcc.a
LOAD <TOOLCHAIN>/toolchain/bin/../lib/gcc/riscv-none-embed/8.3.0/../../../../riscv-none-embed/lib/rv32imafdc/ilp32d\libc.a
LOAD <TOOLCHAIN>/toolchain/bin/../lib/gcc/riscv-none-embed/8.3.0/../../../../riscv-none-embed/lib/rv32imafdc/ilp32d\libnosys.a
END GROUP
OUTPUT(build/p0a_uart1_diag.elf elf32-littleriscv)

.debug_info     0x0000000000000000      0x8b4
 .debug_info    0x0000000000000000      0x466 build/obj_files/main.o
 .debug_info    0x0000000000000466      0x428 build/obj_files/p0a_diag.o
 .debug_info    0x000000000000088e       0x26 build/obj_files/start.o

.debug_abbrev   0x0000000000000000      0x315
 .debug_abbrev  0x0000000000000000      0x182 build/obj_files/main.o
 .debug_abbrev  0x0000000000000182      0x17f build/obj_files/p0a_diag.o
 .debug_abbrev  0x0000000000000301       0x14 build/obj_files/start.o

.debug_loc      0x0000000000000000      0x252
 .debug_loc     0x0000000000000000       0x21 build/obj_files/main.o
 .debug_loc     0x0000000000000021      0x231 build/obj_files/p0a_diag.o

.debug_aranges  0x0000000000000000       0x60
 .debug_aranges
                0x0000000000000000       0x20 build/obj_files/main.o
 .debug_aranges
                0x0000000000000020       0x20 build/obj_files/p0a_diag.o
 .debug_aranges
                0x0000000000000040       0x20 build/obj_files/start.o

.debug_macro    0x0000000000000000     0x10a0
 .debug_macro   0x0000000000000000       0x77 build/obj_files/main.o
 .debug_macro   0x0000000000000077      0x790 build/obj_files/main.o
 .debug_macro   0x0000000000000807       0x22 build/obj_files/main.o
 .debug_macro   0x0000000000000829       0x8e build/obj_files/main.o
 .debug_macro   0x00000000000008b7       0x51 build/obj_files/main.o
 .debug_macro   0x0000000000000908      0x103 build/obj_files/main.o
 .debug_macro   0x0000000000000a0b       0x6a build/obj_files/main.o
 .debug_macro   0x0000000000000a75      0x1df build/obj_files/main.o
 .debug_macro   0x0000000000000c54       0x6a build/obj_files/main.o
 .debug_macro   0x0000000000000cbe      0x2f8 build/obj_files/main.o
 .debug_macro   0x0000000000000fb6       0x86 build/obj_files/p0a_diag.o
 .debug_macro   0x000000000000103c       0x64 build/obj_files/p0a_diag.o

.debug_line     0x0000000000000000      0x94f
 .debug_line    0x0000000000000000      0x2e7 build/obj_files/main.o
 .debug_line    0x00000000000002e7      0x57e build/obj_files/p0a_diag.o
 .debug_line    0x0000000000000865       0xea build/obj_files/start.o

.debug_str      0x0000000000000000     0x490b
 .debug_str     0x0000000000000000     0x47b3 build/obj_files/main.o
                                       0x4948 (size before relaxing)
 .debug_str     0x00000000000047b3      0x10a build/obj_files/p0a_diag.o
                                       0x3828 (size before relaxing)
 .debug_str     0x00000000000048bd       0x4e build/obj_files/start.o
                                         0xa2 (size before relaxing)

.comment        0x0000000000000000       0x33
 .comment       0x0000000000000000       0x33 build/obj_files/main.o
                                         0x34 (size before relaxing)
 .comment       0x0000000000000033       0x34 build/obj_files/p0a_diag.o

.debug_frame    0x0000000000000000      0x1a4
 .debug_frame   0x0000000000000000       0x68 build/obj_files/main.o
 .debug_frame   0x0000000000000068      0x100 build/obj_files/p0a_diag.o
 .debug_frame   0x0000000000000168       0x3c <TOOLCHAIN>/toolchain/bin/../lib/gcc/riscv-none-embed/8.3.0/../../../../riscv-none-embed/lib/rv32imafdc/ilp32d\libc.a(lib_a-init.o)
